
Allocating common symbols
Common symbol       size              file

thread_list_ready   0x10              build/thread.o
user_pool           0x10              build/memory.o
intr_name           0x84              build/interrupt.o
main_thread         0x4               build/thread.o
ticks               0x4               build/timer.o
kernel_vaddr        0xc               build/memory.o
thread_list_all     0x10              build/thread.o
idt_table           0x84              build/interrupt.o
kernel_pool         0x10              build/memory.o

Discarded input sections

 .note.GNU-stack
                0x0000000000000000        0x0 build/main.o
 .note.GNU-stack
                0x0000000000000000        0x0 build/init.o
 .note.GNU-stack
                0x0000000000000000        0x0 build/interrupt.o
 .note.GNU-stack
                0x0000000000000000        0x0 build/timer.o
 .note.GNU-stack
                0x0000000000000000        0x0 build/debug.o
 .note.GNU-stack
                0x0000000000000000        0x0 build/memory.o
 .note.GNU-stack
                0x0000000000000000        0x0 build/bitmap.o
 .note.GNU-stack
                0x0000000000000000        0x0 build/string.o
 .note.GNU-stack
                0x0000000000000000        0x0 build/thread.o
 .note.GNU-stack
                0x0000000000000000        0x0 build/list.o

Memory Configuration

Name             Origin             Length             Attributes
*default*        0x0000000000000000 0xffffffffffffffff

Linker script and memory map

Address of section .text set to 0xc0001500
LOAD build/main.o
LOAD build/init.o
LOAD build/interrupt.o
LOAD build/timer.o
LOAD build/kernel.o
LOAD build/print.o
LOAD build/debug.o
LOAD build/memory.o
LOAD build/bitmap.o
LOAD build/string.o
LOAD build/thread.o
LOAD build/list.o
LOAD build/switch.o
                0x0000000008048000                PROVIDE (__executable_start, 0x8048000)
                0x0000000008048094                . = (0x8048000 + SIZEOF_HEADERS)

.interp
 *(.interp)

.note.gnu.build-id
 *(.note.gnu.build-id)

.hash
 *(.hash)

.gnu.hash
 *(.gnu.hash)

.dynsym
 *(.dynsym)

.dynstr
 *(.dynstr)

.gnu.version
 *(.gnu.version)

.gnu.version_d
 *(.gnu.version_d)

.gnu.version_r
 *(.gnu.version_r)

.rel.dyn        0x0000000008048094        0x0
 *(.rel.init)
 *(.rel.text .rel.text.* .rel.gnu.linkonce.t.*)
 .rel.text      0x0000000008048094        0x0 build/main.o
 *(.rel.fini)
 *(.rel.rodata .rel.rodata.* .rel.gnu.linkonce.r.*)
 *(.rel.data.rel.ro .rel.data.rel.ro.* .rel.gnu.linkonce.d.rel.ro.*)
 *(.rel.data .rel.data.* .rel.gnu.linkonce.d.*)
 *(.rel.tdata .rel.tdata.* .rel.gnu.linkonce.td.*)
 *(.rel.tbss .rel.tbss.* .rel.gnu.linkonce.tb.*)
 *(.rel.ctors)
 *(.rel.dtors)
 *(.rel.got)
 *(.rel.bss .rel.bss.* .rel.gnu.linkonce.b.*)
 *(.rel.ifunc)

.rel.plt        0x0000000008048094        0x0
 *(.rel.plt)
                0x0000000008048094                PROVIDE (__rel_iplt_start, .)
 *(.rel.iplt)
 .rel.iplt      0x0000000008048094        0x0 build/main.o
                0x0000000008048094                PROVIDE (__rel_iplt_end, .)

.init
 *(SORT(.init))

.plt            0x00000000080480a0        0x0
 *(.plt)
 *(.iplt)
 .iplt          0x00000000080480a0        0x0 build/main.o

.text           0x00000000c0001500     0x1d25
 *(.text.unlikely .text.*_unlikely .text.unlikely.*)
 *(.text.exit .text.exit.*)
 *(.text.startup .text.startup.*)
 *(.text.hot .text.hot.*)
 *(.text .stub .text.* .gnu.linkonce.t.*)
 .text          0x00000000c0001500       0xc5 build/main.o
                0x00000000c0001500                main
                0x00000000c0001579                k_thread_a
                0x00000000c000159f                k_thread_b
 .text          0x00000000c00015c5       0x2d build/init.o
                0x00000000c00015c5                init_all
 .text          0x00000000c00015f2      0x3fa build/interrupt.o
                0x00000000c0001913                idt_init
                0x00000000c0001957                intr_enable
                0x00000000c0001971                intr_disable
                0x00000000c000198b                intr_set_status
                0x00000000c00019a5                intr_get_status
                0x00000000c00019cb                register_intr_handler
 .text          0x00000000c00019ec      0x180 build/timer.o
                0x00000000c0001b19                timer_init
 *fill*         0x00000000c0001b6c        0x4 
 .text          0x00000000c0001b70      0x393 build/kernel.o
                0x00000000c0001b70                intr_exit
 *fill*         0x00000000c0001f03        0xd 
 .text          0x00000000c0001f10      0x176 build/print.o
                0x00000000c0001f10                put_char
                0x00000000c0001fde                put_str
                0x00000000c0001fff                put_int
                0x00000000c0002062                set_cursor
 .text          0x00000000c0002086       0xba build/debug.o
                0x00000000c0002086                panic_spin
 .text          0x00000000c0002140      0x51c build/memory.o
                0x00000000c00023d6                pte_ptr
                0x00000000c00023fd                pde_ptr
                0x00000000c000251b                malloc_page
                0x00000000c00025d9                get_kernel_pages
                0x00000000c000261b                mem_init
 .text          0x00000000c000265c      0x236 build/bitmap.o
                0x00000000c000265c                bitmap_init
                0x00000000c000267f                bitmap_scan_test
                0x00000000c00026bf                bitmap_scan
                0x00000000c00027e3                bitmap_set
 .text          0x00000000c0002892      0x384 build/string.o
                0x00000000c0002892                memset
                0x00000000c00028e3                memcpy
                0x00000000c0002942                memcmp
                0x00000000c00029b6                strcpy
                0x00000000c0002a09                strlen
                0x00000000c0002a51                strcmp
                0x00000000c0002ab8                strchr
                0x00000000c0002b11                strrchr
                0x00000000c0002b70                strcat
                0x00000000c0002bd6                strchrs
 .text          0x00000000c0002c16      0x3fa build/thread.o
                0x00000000c0002c16                running_thread
                0x00000000c0002c47                create_therad
                0x00000000c0002cbe                init_thread
                0x00000000c0002d53                thread_start
                0x00000000c0002eb2                schedule
                0x00000000c0002fc2                thread_init
 .text          0x00000000c0003010      0x1f7 build/list.o
                0x00000000c0003010                list_init
                0x00000000c000303e                list_insert_before
                0x00000000c0003083                list_push
                0x00000000c00030a1                list_pop
                0x00000000c00030c3                list_iterate
                0x00000000c00030c9                list_append
                0x00000000c00030e7                list_remove
                0x00000000c0003121                list_empty
                0x00000000c000313c                list_len
                0x00000000c0003170                list_traversal
                0x00000000c00031cc                element_find
 *fill*         0x00000000c0003207        0x9 
 .text          0x00000000c0003210       0x15 build/switch.o
                0x00000000c0003210                switch_to
 *(.gnu.warning)

.fini
 *(SORT(.fini))
                0x00000000c0003225                PROVIDE (__etext, .)
                0x00000000c0003225                PROVIDE (_etext, .)
                0x00000000c0003225                PROVIDE (etext, .)

.rodata         0x00000000c0003228      0x775
 *(.rodata .rodata.* .gnu.linkonce.r.*)
 .rodata        0x00000000c0003228       0x36 build/main.o
 .rodata        0x00000000c000325e        0xa build/init.o
 .rodata        0x00000000c0003268      0x2a2 build/interrupt.o
 *fill*         0x00000000c000350a        0x2 
 .rodata        0x00000000c000350c       0x73 build/timer.o
 .rodata        0x00000000c000357f       0x27 build/debug.o
 *fill*         0x00000000c00035a6        0x2 
 .rodata        0x00000000c00035a8      0x120 build/memory.o
 .rodata        0x00000000c00036c8       0x67 build/bitmap.o
 *fill*         0x00000000c000372f        0x1 
 .rodata        0x00000000c0003730       0xd3 build/string.o
 *fill*         0x00000000c0003803        0x1 
 .rodata        0x00000000c0003804      0x199 build/thread.o

.rodata1
 *(.rodata1)

.eh_frame_hdr
 *(.eh_frame_hdr)

.eh_frame       0x00000000c00039a0      0x808
 *(.eh_frame)
 .eh_frame      0x00000000c00039a0       0x74 build/main.o
 .eh_frame      0x00000000c0003a14       0x20 build/init.o
                                         0x38 (size before relaxing)
 .eh_frame      0x00000000c0003a34      0x180 build/interrupt.o
                                        0x198 (size before relaxing)
 .eh_frame      0x00000000c0003bb4       0x88 build/timer.o
                                         0xa0 (size before relaxing)
 .eh_frame      0x00000000c0003c3c       0x1c build/debug.o
                                         0x34 (size before relaxing)
 .eh_frame      0x00000000c0003c58      0x120 build/memory.o
                                        0x138 (size before relaxing)
 .eh_frame      0x00000000c0003d78       0x90 build/bitmap.o
                                         0xa8 (size before relaxing)
 .eh_frame      0x00000000c0003e08      0x140 build/string.o
                                        0x158 (size before relaxing)
 .eh_frame      0x00000000c0003f48      0x100 build/thread.o
                                        0x118 (size before relaxing)
 .eh_frame      0x00000000c0004048      0x160 build/list.o
                                        0x178 (size before relaxing)

.gcc_except_table
 *(.gcc_except_table .gcc_except_table.*)

.exception_ranges
 *(.exception_ranges .exception_ranges*)
                0x00000000c00041a8                . = (ALIGN (0x1000) - ((0x1000 - .) & 0xfff))
                0x00000000c00051a8                . = DATA_SEGMENT_ALIGN (0x1000, 0x1000)

.eh_frame
 *(.eh_frame)

.gcc_except_table
 *(.gcc_except_table .gcc_except_table.*)

.exception_ranges
 *(.exception_ranges .exception_ranges*)

.tdata
 *(.tdata .tdata.* .gnu.linkonce.td.*)

.tbss
 *(.tbss .tbss.* .gnu.linkonce.tb.*)
 *(.tcommon)

.preinit_array  0x00000000c00051a8        0x0
                0x00000000c00051a8                PROVIDE (__preinit_array_start, .)
 *(.preinit_array)
                0x00000000c00051a8                PROVIDE (__preinit_array_end, .)

.init_array     0x00000000c00051a8        0x0
                0x00000000c00051a8                PROVIDE (__init_array_start, .)
 *(SORT(.init_array.*) SORT(.ctors.*))
 *(.init_array EXCLUDE_FILE(*crtend?.o *crtend.o *crtbegin?.o *crtbegin.o) .ctors)
                0x00000000c00051a8                PROVIDE (__init_array_end, .)

.fini_array     0x00000000c00051a8        0x0
                0x00000000c00051a8                PROVIDE (__fini_array_start, .)
 *(SORT(.fini_array.*) SORT(.dtors.*))
 *(.fini_array EXCLUDE_FILE(*crtend?.o *crtend.o *crtbegin?.o *crtbegin.o) .dtors)
                0x00000000c00051a8                PROVIDE (__fini_array_end, .)

.ctors
 *crtbegin.o(.ctors)
 *crtbegin?.o(.ctors)
 *(EXCLUDE_FILE(*crtend?.o *crtend.o) .ctors)
 *(SORT(.ctors.*))
 *(.ctors)

.dtors
 *crtbegin.o(.dtors)
 *crtbegin?.o(.dtors)
 *(EXCLUDE_FILE(*crtend?.o *crtend.o) .dtors)
 *(SORT(.dtors.*))
 *(.dtors)

.jcr
 *(.jcr)

.data.rel.ro
 *(.data.rel.ro.local* .gnu.linkonce.d.rel.ro.local.*)
 *(.data.rel.ro .data.rel.ro.* .gnu.linkonce.d.rel.ro.*)

.dynamic
 *(.dynamic)

.got
 *(.got)
 *(.igot)
                0x00000000c00051a8                . = DATA_SEGMENT_RELRO_END (., (SIZEOF (.got.plt) >= 0xc)?0xc:0x0)

.got.plt        0x00000000c00051a8        0x0
 *(.got.plt)
 *(.igot.plt)
 .igot.plt      0x00000000c00051a8        0x0 build/main.o

.data           0x00000000c00051a8       0x8c
 *(.data .data.* .gnu.linkonce.d.*)
 .data          0x00000000c00051a8        0x0 build/main.o
 .data          0x00000000c00051a8        0x0 build/init.o
 .data          0x00000000c00051a8        0x0 build/interrupt.o
 .data          0x00000000c00051a8        0x0 build/timer.o
 .data          0x00000000c00051a8       0x84 build/kernel.o
                0x00000000c00051a8                intr_entry_table
 .data          0x00000000c000522c        0x8 build/print.o
 .data          0x00000000c0005234        0x0 build/debug.o
 .data          0x00000000c0005234        0x0 build/memory.o
 .data          0x00000000c0005234        0x0 build/bitmap.o
 .data          0x00000000c0005234        0x0 build/string.o
 .data          0x00000000c0005234        0x0 build/thread.o
 .data          0x00000000c0005234        0x0 build/list.o

.data1
 *(.data1)
                0x00000000c0005234                _edata = .
                0x00000000c0005234                PROVIDE (edata, .)
                0x00000000c0005234                . = .
                0x00000000c0005234                __bss_start = .

.bss            0x00000000c0005240      0x298
 *(.dynbss)
 *(.bss .bss.* .gnu.linkonce.b.*)
 .bss           0x00000000c0005240        0x0 build/main.o
 .bss           0x00000000c0005240        0x0 build/init.o
 .bss           0x00000000c0005240      0x108 build/interrupt.o
 .bss           0x00000000c0005348        0x0 build/timer.o
 .bss           0x00000000c0005348        0x0 build/debug.o
 .bss           0x00000000c0005348        0x0 build/memory.o
 .bss           0x00000000c0005348        0x0 build/bitmap.o
 .bss           0x00000000c0005348        0x0 build/string.o
 .bss           0x00000000c0005348        0x4 build/thread.o
 .bss           0x00000000c000534c        0x0 build/list.o
 *(COMMON)
 *fill*         0x00000000c000534c       0x14 
 COMMON         0x00000000c0005360      0x124 build/interrupt.o
                0x00000000c0005360                intr_name
                0x00000000c0005400                idt_table
 COMMON         0x00000000c0005484        0x4 build/timer.o
                0x00000000c0005484                ticks
 COMMON         0x00000000c0005488       0x2c build/memory.o
                0x00000000c0005488                user_pool
                0x00000000c0005498                kernel_vaddr
                0x00000000c00054a4                kernel_pool
 COMMON         0x00000000c00054b4       0x24 build/thread.o
                0x00000000c00054b4                thread_list_ready
                0x00000000c00054c4                main_thread
                0x00000000c00054c8                thread_list_all
                0x00000000c00054d8                . = ALIGN ((. != 0x0)?0x4:0x1)
                0x00000000c00054d8                . = ALIGN (0x4)
                0x00000000c00054d8                . = SEGMENT_START ("ldata-segment", .)
                0x00000000c00054d8                . = ALIGN (0x4)
                0x00000000c00054d8                _end = .
                0x00000000c00054d8                PROVIDE (end, .)
                0x00000000c00054d8                . = DATA_SEGMENT_END (.)

.stab
 *(.stab)

.stabstr
 *(.stabstr)

.stab.excl
 *(.stab.excl)

.stab.exclstr
 *(.stab.exclstr)

.stab.index
 *(.stab.index)

.stab.indexstr
 *(.stab.indexstr)

.comment        0x0000000000000000       0x11
 *(.comment)
 .comment       0x0000000000000000       0x11 build/main.o
                                         0x12 (size before relaxing)
 .comment       0x0000000000000011       0x12 build/init.o
 .comment       0x0000000000000011       0x12 build/interrupt.o
 .comment       0x0000000000000011       0x12 build/timer.o
 .comment       0x0000000000000011       0x12 build/debug.o
 .comment       0x0000000000000011       0x12 build/memory.o
 .comment       0x0000000000000011       0x12 build/bitmap.o
 .comment       0x0000000000000011       0x12 build/string.o
 .comment       0x0000000000000011       0x12 build/thread.o
 .comment       0x0000000000000011       0x12 build/list.o

.debug
 *(.debug)

.line
 *(.line)

.debug_srcinfo
 *(.debug_srcinfo)

.debug_sfnames
 *(.debug_sfnames)

.debug_aranges
 *(.debug_aranges)

.debug_pubnames
 *(.debug_pubnames)

.debug_info
 *(.debug_info .gnu.linkonce.wi.*)

.debug_abbrev
 *(.debug_abbrev)

.debug_line
 *(.debug_line .debug_line.* .debug_line_end)

.debug_frame
 *(.debug_frame)

.debug_str
 *(.debug_str)

.debug_loc
 *(.debug_loc)

.debug_macinfo
 *(.debug_macinfo)

.debug_weaknames
 *(.debug_weaknames)

.debug_funcnames
 *(.debug_funcnames)

.debug_typenames
 *(.debug_typenames)

.debug_varnames
 *(.debug_varnames)

.debug_pubtypes
 *(.debug_pubtypes)

.debug_ranges
 *(.debug_ranges)

.debug_macro
 *(.debug_macro)

.gnu.attributes
 *(.gnu.attributes)

/DISCARD/
 *(.note.GNU-stack)
 *(.gnu_debuglink)
 *(.gnu.lto_*)
OUTPUT(build/kernel.bin elf32-i386)
